::ffff:192.168.0.103 - - [22/Oct/2018:05:28:50 +0000] "GET /pvt/api/home HTTP/1.1" 200 1132773 "http://localhost:3000/" "Mozilla/5.0 (Windows NT 10.0; Win64; x64) AppleWebKit/537.36 (KHTML, like Gecko) Chrome/69.0.3497.100 Safari/537.36"
::ffff:192.168.0.100 - - [22/Oct/2018:05:29:02 +0000] "GET /pvt/api/home HTTP/1.1" 200 1132773 "http://192.168.0.103:3000/" "Mozilla/5.0 (Windows NT 6.1; Win64; x64) AppleWebKit/537.36 (KHTML, like Gecko) Chrome/70.0.3538.67 Safari/537.36"
::ffff:192.168.0.103 - - [22/Oct/2018:05:47:13 +0000] "GET /pvt/api/home HTTP/1.1" 200 1132773 "http://localhost:3000/" "Mozilla/5.0 (Windows NT 10.0; Win64; x64) AppleWebKit/537.36 (KHTML, like Gecko) Chrome/69.0.3497.100 Safari/537.36"
::ffff:192.168.0.100 - - [22/Oct/2018:05:51:40 +0000] "GET /pvt/api/home HTTP/1.1" 304 - "http://192.168.0.103:3000/" "Mozilla/5.0 (Linux; Android 6.0; Nexus 5 Build/MRA58N) AppleWebKit/537.36 (KHTML, like Gecko) Chrome/70.0.3538.67 Mobile Safari/537.36"
::ffff:192.168.0.100 - - [22/Oct/2018:05:51:42 +0000] "GET /pvt/api/home HTTP/1.1" 304 - "http://192.168.0.103:3000/" "Mozilla/5.0 (Linux; Android 6.0; Nexus 5 Build/MRA58N) AppleWebKit/537.36 (KHTML, like Gecko) Chrome/70.0.3538.67 Mobile Safari/537.36"
::ffff:192.168.0.100 - - [22/Oct/2018:05:54:28 +0000] "GET /pvt/api/home HTTP/1.1" 304 - "http://192.168.0.103:3000/" "Mozilla/5.0 (Linux; Android 6.0; Nexus 5 Build/MRA58N) AppleWebKit/537.36 (KHTML, like Gecko) Chrome/70.0.3538.67 Mobile Safari/537.36"
::ffff:192.168.0.100 - - [22/Oct/2018:05:58:09 +0000] "GET /pvt/api/home HTTP/1.1" 304 - "http://192.168.0.103:3000/" "Mozilla/5.0 (Linux; Android 6.0; Nexus 5 Build/MRA58N) AppleWebKit/537.36 (KHTML, like Gecko) Chrome/70.0.3538.67 Mobile Safari/537.36"
::ffff:192.168.0.100 - - [22/Oct/2018:06:03:47 +0000] "GET /pvt/api/home HTTP/1.1" 304 - "http://192.168.0.103:3000/" "Mozilla/5.0 (Linux; Android 6.0; Nexus 5 Build/MRA58N) AppleWebKit/537.36 (KHTML, like Gecko) Chrome/70.0.3538.67 Mobile Safari/537.36"
::ffff:192.168.0.100 - - [22/Oct/2018:06:10:29 +0000] "GET /pvt/api/home HTTP/1.1" 304 - "http://192.168.0.103:3000/" "Mozilla/5.0 (Linux; Android 6.0; Nexus 5 Build/MRA58N) AppleWebKit/537.36 (KHTML, like Gecko) Chrome/70.0.3538.67 Mobile Safari/537.36"
::ffff:192.168.0.100 - - [22/Oct/2018:06:13:45 +0000] "GET /pvt/api/home HTTP/1.1" 304 - "http://192.168.0.103:3000/" "Mozilla/5.0 (Windows NT 6.1; Win64; x64) AppleWebKit/537.36 (KHTML, like Gecko) Chrome/70.0.3538.67 Safari/537.36"
::ffff:192.168.0.100 - - [22/Oct/2018:06:20:02 +0000] "GET /pvt/api/coins/jesus-coin HTTP/1.1" 200 508 "http://192.168.0.103:3000/coins/jesus-coin" "Mozilla/5.0 (Windows NT 6.1; Win64; x64) AppleWebKit/537.36 (KHTML, like Gecko) Chrome/70.0.3538.67 Safari/537.36"
::ffff:192.168.0.100 - - [22/Oct/2018:06:46:51 +0000] "GET /pvt/api/coins/jesus-coin HTTP/1.1" 304 - "http://192.168.0.103:3000/coins/jesus-coin" "Mozilla/5.0 (Windows NT 6.1; Win64; x64) AppleWebKit/537.36 (KHTML, like Gecko) Chrome/70.0.3538.67 Safari/537.36"
::ffff:192.168.0.100 - - [22/Oct/2018:06:47:10 +0000] "GET /pvt/api/coins/jesus-coin HTTP/1.1" 304 - "http://192.168.0.103:3000/coins/jesus-coin" "Mozilla/5.0 (Windows NT 6.1; Win64; x64) AppleWebKit/537.36 (KHTML, like Gecko) Chrome/70.0.3538.67 Safari/537.36"
::ffff:192.168.0.100 - - [22/Oct/2018:06:47:56 +0000] "GET /pvt/api/coins/jesus-coin HTTP/1.1" 304 - "http://192.168.0.103:3000/coins/jesus-coin" "Mozilla/5.0 (Windows NT 6.1; Win64; x64) AppleWebKit/537.36 (KHTML, like Gecko) Chrome/70.0.3538.67 Safari/537.36"
::ffff:192.168.0.100 - - [22/Oct/2018:06:48:03 +0000] "GET /pvt/api/coins/jesus-coin HTTP/1.1" 304 - "http://192.168.0.103:3000/coins/jesus-coin" "Mozilla/5.0 (Windows NT 6.1; Win64; x64) AppleWebKit/537.36 (KHTML, like Gecko) Chrome/70.0.3538.67 Safari/537.36"
::ffff:192.168.0.100 - - [22/Oct/2018:06:48:06 +0000] "GET /pvt/api/coins/jesus-coin HTTP/1.1" 304 - "http://192.168.0.103:3000/coins/jesus-coin" "Mozilla/5.0 (Windows NT 6.1; Win64; x64) AppleWebKit/537.36 (KHTML, like Gecko) Chrome/70.0.3538.67 Safari/537.36"
::ffff:192.168.0.100 - - [22/Oct/2018:06:49:04 +0000] "GET /pvt/api/coins/jesus-coin HTTP/1.1" 304 - "http://192.168.0.103:3000/coins/jesus-coin" "Mozilla/5.0 (Windows NT 6.1; Win64; x64) AppleWebKit/537.36 (KHTML, like Gecko) Chrome/70.0.3538.67 Safari/537.36"
::ffff:192.168.0.100 - - [22/Oct/2018:06:49:35 +0000] "GET /pvt/api/coins/jesus-coin HTTP/1.1" 304 - "http://192.168.0.103:3000/coins/jesus-coin" "Mozilla/5.0 (Linux; Android 6.0; Nexus 5 Build/MRA58N) AppleWebKit/537.36 (KHTML, like Gecko) Chrome/70.0.3538.67 Mobile Safari/537.36"
::ffff:192.168.0.100 - - [22/Oct/2018:06:50:57 +0000] "GET /pvt/api/coins/jesus-coin HTTP/1.1" 304 - "http://192.168.0.103:3000/coins/jesus-coin" "Mozilla/5.0 (Linux; Android 8.0.0; Pixel 2 XL Build/OPD1.170816.004) AppleWebKit/537.36 (KHTML, like Gecko) Chrome/70.0.3538.67 Mobile Safari/537.36"
::ffff:192.168.0.100 - - [22/Oct/2018:06:53:12 +0000] "GET /pvt/api/coins/jesus-coin HTTP/1.1" 304 - "http://192.168.0.103:3000/coins/jesus-coin" "Mozilla/5.0 (compatible; MSIE 10.0; Windows Phone 8.0; Trident/6.0; IEMobile/10.0; ARM; Touch; NOKIA; Lumia 520)"
::ffff:192.168.0.100 - - [22/Oct/2018:06:53:16 +0000] "GET /pvt/api/coins/jesus-coin HTTP/1.1" 304 - "http://192.168.0.103:3000/coins/jesus-coin" "Mozilla/5.0 (compatible; MSIE 10.0; Windows Phone 8.0; Trident/6.0; IEMobile/10.0; ARM; Touch; NOKIA; Lumia 520)"
::ffff:192.168.0.100 - - [22/Oct/2018:06:53:24 +0000] "GET /pvt/api/coins/jesus-coin HTTP/1.1" 304 - "http://192.168.0.103:3000/coins/jesus-coin" "Mozilla/5.0 (compatible; MSIE 10.0; Windows Phone 8.0; Trident/6.0; IEMobile/10.0; ARM; Touch; NOKIA; Lumia 520)"
::ffff:192.168.0.100 - - [22/Oct/2018:06:53:45 +0000] "GET /pvt/api/coins/jesus-coin HTTP/1.1" 304 - "http://192.168.0.103:3000/coins/jesus-coin" "Mozilla/5.0 (Linux; Android 6.0; Nexus 5 Build/MRA58N) AppleWebKit/537.36 (KHTML, like Gecko) Chrome/70.0.3538.67 Mobile Safari/537.36"
::ffff:192.168.0.100 - - [22/Oct/2018:06:53:55 +0000] "GET /pvt/api/coins/jesus-coin HTTP/1.1" 304 - "http://192.168.0.103:3000/coins/jesus-coin" "Mozilla/5.0 (Linux; Android 6.0; Nexus 5 Build/MRA58N) AppleWebKit/537.36 (KHTML, like Gecko) Chrome/70.0.3538.67 Mobile Safari/537.36"
::ffff:192.168.0.100 - - [22/Oct/2018:06:54:00 +0000] "GET /pvt/api/coins/jesus-coin HTTP/1.1" 304 - "http://192.168.0.103:3000/coins/jesus-coin" "Mozilla/5.0 (Linux; Android 6.0; Nexus 5 Build/MRA58N) AppleWebKit/537.36 (KHTML, like Gecko) Chrome/70.0.3538.67 Mobile Safari/537.36"
::ffff:192.168.0.100 - - [22/Oct/2018:06:54:02 +0000] "GET /pvt/api/coins/jesus-coin HTTP/1.1" 304 - "http://192.168.0.103:3000/coins/jesus-coin" "Mozilla/5.0 (Linux; Android 6.0; Nexus 5 Build/MRA58N) AppleWebKit/537.36 (KHTML, like Gecko) Chrome/70.0.3538.67 Mobile Safari/537.36"
::ffff:192.168.0.100 - - [22/Oct/2018:06:54:08 +0000] "GET /pvt/api/coins/jesus-coin HTTP/1.1" 304 - "http://192.168.0.103:3000/coins/jesus-coin" "Mozilla/5.0 (Windows NT 6.1; Win64; x64) AppleWebKit/537.36 (KHTML, like Gecko) Chrome/70.0.3538.67 Safari/537.36"
::ffff:192.168.0.100 - - [22/Oct/2018:06:54:15 +0000] "GET /pvt/api/coins/jesus-coin HTTP/1.1" 304 - "http://192.168.0.103:3000/coins/jesus-coin" "Mozilla/5.0 (Windows NT 6.1; Win64; x64) AppleWebKit/537.36 (KHTML, like Gecko) Chrome/70.0.3538.67 Safari/537.36"
::ffff:192.168.0.100 - - [22/Oct/2018:06:54:36 +0000] "GET /pvt/api/coins/jesus-coin HTTP/1.1" 304 - "http://192.168.0.103:3000/coins/jesus-coin" "Mozilla/5.0 (Windows NT 6.1; Win64; x64) AppleWebKit/537.36 (KHTML, like Gecko) Chrome/70.0.3538.67 Safari/537.36"
::ffff:192.168.0.100 - - [22/Oct/2018:06:54:47 +0000] "GET /pvt/api/coins/jesus-coin HTTP/1.1" 304 - "http://192.168.0.103:3000/coins/jesus-coin" "Mozilla/5.0 (Windows NT 6.1; Win64; x64) AppleWebKit/537.36 (KHTML, like Gecko) Chrome/70.0.3538.67 Safari/537.36"
::ffff:192.168.0.100 - - [22/Oct/2018:06:54:54 +0000] "GET /pvt/api/coins/jesus-coin HTTP/1.1" 304 - "http://192.168.0.103:3000/coins/jesus-coin" "Mozilla/5.0 (Windows NT 6.1; Win64; x64) AppleWebKit/537.36 (KHTML, like Gecko) Chrome/70.0.3538.67 Safari/537.36"
::ffff:192.168.0.100 - - [22/Oct/2018:06:54:59 +0000] "GET /pvt/api/coins/jesus-coin HTTP/1.1" 304 - "http://192.168.0.103:3000/coins/jesus-coin" "Mozilla/5.0 (Windows NT 6.1; Win64; x64) AppleWebKit/537.36 (KHTML, like Gecko) Chrome/70.0.3538.67 Safari/537.36"
::ffff:192.168.0.100 - - [22/Oct/2018:06:55:52 +0000] "GET /pvt/api/coins/jesus-coin HTTP/1.1" 304 - "http://192.168.0.103:3000/coins/jesus-coin" "Mozilla/5.0 (Linux; Android 6.0; Nexus 5 Build/MRA58N) AppleWebKit/537.36 (KHTML, like Gecko) Chrome/70.0.3538.67 Mobile Safari/537.36"
::ffff:192.168.0.100 - - [22/Oct/2018:07:14:26 +0000] "GET /pvt/api/home HTTP/1.1" 304 - "http://192.168.0.103:3000/" "Mozilla/5.0 (Windows NT 6.1; Win64; x64) AppleWebKit/537.36 (KHTML, like Gecko) Chrome/70.0.3538.67 Safari/537.36"
::ffff:192.168.0.100 - - [22/Oct/2018:07:14:32 +0000] "GET /pvt/api/coins/cardano HTTP/1.1" 200 543 "http://192.168.0.103:3000/coins/cardano" "Mozilla/5.0 (Windows NT 6.1; Win64; x64) AppleWebKit/537.36 (KHTML, like Gecko) Chrome/70.0.3538.67 Safari/537.36"
::ffff:192.168.0.100 - - [22/Oct/2018:07:14:41 +0000] "GET /pvt/api/home HTTP/1.1" 304 - "http://192.168.0.103:3000/" "Mozilla/5.0 (Windows NT 6.1; Win64; x64) AppleWebKit/537.36 (KHTML, like Gecko) Chrome/70.0.3538.67 Safari/537.36"
::ffff:192.168.0.100 - - [22/Oct/2018:07:14:43 +0000] "GET /pvt/api/coins/binance-coin HTTP/1.1" 200 547 "http://192.168.0.103:3000/coins/binance-coin" "Mozilla/5.0 (Windows NT 6.1; Win64; x64) AppleWebKit/537.36 (KHTML, like Gecko) Chrome/70.0.3538.67 Safari/537.36"
::ffff:192.168.0.103 - - [22/Oct/2018:07:15:09 +0000] "GET /pvt/api/home HTTP/1.1" - - "http://localhost:3000/" "Mozilla/5.0 (Windows NT 10.0; Win64; x64) AppleWebKit/537.36 (KHTML, like Gecko) Chrome/69.0.3497.100 Safari/537.36"
::ffff:192.168.0.103 - - [22/Oct/2018:08:39:04 +0000] "GET /pvt/api/home HTTP/1.1" 200 1132773 "http://192.168.0.103:3000/" "Mozilla/5.0 (Windows NT 10.0; Win64; x64) AppleWebKit/537.36 (KHTML, like Gecko) Chrome/69.0.3497.100 Safari/537.36"
::ffff:192.168.0.103 - - [22/Oct/2018:08:39:09 +0000] "GET /pvt/api/coins/bitcoin HTTP/1.1" 200 547 "http://192.168.0.103:3000/coins/bitcoin" "Mozilla/5.0 (Windows NT 10.0; Win64; x64) AppleWebKit/537.36 (KHTML, like Gecko) Chrome/69.0.3497.100 Safari/537.36"
::ffff:192.168.0.100 - - [22/Oct/2018:09:10:46 +0000] "GET /pvt/api/home HTTP/1.1" 304 - "http://192.168.0.103:3000/" "Mozilla/5.0 (Windows NT 6.1; Win64; x64) AppleWebKit/537.36 (KHTML, like Gecko) Chrome/70.0.3538.67 Safari/537.36"
::ffff:192.168.0.100 - - [22/Oct/2018:09:10:49 +0000] "GET /pvt/api/home HTTP/1.1" 304 - "http://192.168.0.103:3000/" "Mozilla/5.0 (Windows NT 6.1; Win64; x64) AppleWebKit/537.36 (KHTML, like Gecko) Chrome/70.0.3538.67 Safari/537.36"
::ffff:192.168.0.100 - - [22/Oct/2018:09:10:52 +0000] "GET /pvt/api/coins/tether HTTP/1.1" 200 544 "http://192.168.0.103:3000/coins/tether" "Mozilla/5.0 (Windows NT 6.1; Win64; x64) AppleWebKit/537.36 (KHTML, like Gecko) Chrome/70.0.3538.67 Safari/537.36"
::ffff:192.168.0.100 - - [22/Oct/2018:09:11:06 +0000] "GET /pvt/api/coins/tether HTTP/1.1" 304 - "http://192.168.0.103:3000/coins/tether" "Mozilla/5.0 (Linux; Android 6.0; Nexus 5 Build/MRA58N) AppleWebKit/537.36 (KHTML, like Gecko) Chrome/70.0.3538.67 Mobile Safari/537.36"
::ffff:192.168.0.100 - - [22/Oct/2018:09:11:12 +0000] "GET /pvt/api/coins/tether HTTP/1.1" 304 - "http://192.168.0.103:3000/coins/tether" "Mozilla/5.0 (Windows NT 6.1; Win64; x64) AppleWebKit/537.36 (KHTML, like Gecko) Chrome/70.0.3538.67 Safari/537.36"
::ffff:192.168.0.103 - - [26/Oct/2018:04:10:06 +0000] "GET /pvt/api/home HTTP/1.1" 200 1134333 "http://localhost:3000/" "Mozilla/5.0 (Windows NT 10.0; Win64; x64) AppleWebKit/537.36 (KHTML, like Gecko) Chrome/70.0.3538.77 Safari/537.36"
::ffff:192.168.0.103 - - [26/Oct/2018:04:10:09 +0000] "GET /pvt/api/home HTTP/1.1" 200 1134333 "http://localhost:3000/" "Mozilla/5.0 (Windows NT 10.0; Win64; x64) AppleWebKit/537.36 (KHTML, like Gecko) Chrome/70.0.3538.77 Safari/537.36"
::ffff:192.168.0.102 - - [26/Oct/2018:04:11:13 +0000] "GET /pvt/api/home HTTP/1.1" 200 1134333 "http://192.168.0.103:3000/" "Mozilla/5.0 (Windows NT 6.1; Win64; x64) AppleWebKit/537.36 (KHTML, like Gecko) Chrome/70.0.3538.77 Safari/537.36"
::ffff:192.168.0.102 - - [26/Oct/2018:04:11:51 +0000] "GET /pvt/api/coins/stronghands HTTP/1.1" 200 638 "http://192.168.0.103:3000/coins/stronghands" "Mozilla/5.0 (Windows NT 6.1; Win64; x64) AppleWebKit/537.36 (KHTML, like Gecko) Chrome/70.0.3538.77 Safari/537.36"
::ffff:192.168.0.102 - - [26/Oct/2018:04:11:59 +0000] "GET /pvt/api/home HTTP/1.1" 304 - "http://192.168.0.103:3000/" "Mozilla/5.0 (Windows NT 6.1; Win64; x64) AppleWebKit/537.36 (KHTML, like Gecko) Chrome/70.0.3538.77 Safari/537.36"
::ffff:192.168.0.102 - - [26/Oct/2018:04:12:36 +0000] "GET /pvt/api/home HTTP/1.1" 304 - "http://192.168.0.103:3000/" "Mozilla/5.0 (Windows NT 6.1; Win64; x64) AppleWebKit/537.36 (KHTML, like Gecko) Chrome/70.0.3538.77 Safari/537.36"
::ffff:192.168.0.102 - - [26/Oct/2018:04:15:31 +0000] "GET /pvt/api/home HTTP/1.1" 304 - "http://192.168.0.103:3000/" "Mozilla/5.0 (Windows NT 6.1; Win64; x64) AppleWebKit/537.36 (KHTML, like Gecko) Chrome/70.0.3538.77 Safari/537.36"
::ffff:192.168.0.102 - - [26/Oct/2018:04:16:22 +0000] "GET /pvt/api/home HTTP/1.1" 304 - "http://192.168.0.103:3000/" "Mozilla/5.0 (Windows NT 6.1; Win64; x64) AppleWebKit/537.36 (KHTML, like Gecko) Chrome/70.0.3538.77 Safari/537.36"
::ffff:192.168.0.102 - - [26/Oct/2018:04:16:25 +0000] "GET /pvt/api/home HTTP/1.1" 304 - "http://192.168.0.103:3000/" "Mozilla/5.0 (Windows NT 6.1; Win64; x64) AppleWebKit/537.36 (KHTML, like Gecko) Chrome/70.0.3538.77 Safari/537.36"
::ffff:192.168.0.102 - - [26/Oct/2018:04:17:01 +0000] "GET /pvt/api/home HTTP/1.1" 304 - "http://192.168.0.103:3000/" "Mozilla/5.0 (Windows NT 6.1; Win64; x64) AppleWebKit/537.36 (KHTML, like Gecko) Chrome/70.0.3538.77 Safari/537.36"
::ffff:192.168.0.102 - - [26/Oct/2018:04:28:29 +0000] "GET /pvt/api/home HTTP/1.1" 304 - "http://192.168.0.103:3000/" "Mozilla/5.0 (Windows NT 6.1; Win64; x64) AppleWebKit/537.36 (KHTML, like Gecko) Chrome/70.0.3538.77 Safari/537.36"
::ffff:192.168.0.102 - - [26/Oct/2018:04:28:47 +0000] "GET /pvt/api/home HTTP/1.1" 304 - "http://192.168.0.103:3000/" "Mozilla/5.0 (Windows NT 6.1; Win64; x64) AppleWebKit/537.36 (KHTML, like Gecko) Chrome/70.0.3538.77 Safari/537.36"
::ffff:192.168.0.102 - - [26/Oct/2018:04:28:49 +0000] "GET /pvt/api/coins/bitcoin HTTP/1.1" 200 639 "http://192.168.0.103:3000/coins/bitcoin" "Mozilla/5.0 (Windows NT 6.1; Win64; x64) AppleWebKit/537.36 (KHTML, like Gecko) Chrome/70.0.3538.77 Safari/537.36"
::ffff:192.168.0.102 - - [26/Oct/2018:04:34:20 +0000] "GET /pvt/api/coins/bitcoin HTTP/1.1" 304 - "http://192.168.0.103:3000/coins/bitcoin" "Mozilla/5.0 (Windows NT 6.1; Win64; x64) AppleWebKit/537.36 (KHTML, like Gecko) Chrome/70.0.3538.77 Safari/537.36"
::ffff:192.168.0.102 - - [26/Oct/2018:04:34:23 +0000] "GET /pvt/api/coins/bitcoin HTTP/1.1" 304 - "http://192.168.0.103:3000/coins/bitcoin" "Mozilla/5.0 (Windows NT 6.1; Win64; x64) AppleWebKit/537.36 (KHTML, like Gecko) Chrome/70.0.3538.77 Safari/537.36"
::ffff:192.168.0.102 - - [26/Oct/2018:04:36:57 +0000] "GET /pvt/api/coins/bitcoin HTTP/1.1" 304 - "http://192.168.0.103:3000/coins/bitcoin" "Mozilla/5.0 (Windows NT 6.1; Win64; x64) AppleWebKit/537.36 (KHTML, like Gecko) Chrome/70.0.3538.77 Safari/537.36"
::ffff:192.168.0.102 - - [26/Oct/2018:04:37:18 +0000] "GET /pvt/api/coins/bitcoin HTTP/1.1" 304 - "http://192.168.0.103:3000/coins/bitcoin" "Mozilla/5.0 (Windows NT 6.1; Win64; x64) AppleWebKit/537.36 (KHTML, like Gecko) Chrome/70.0.3538.77 Safari/537.36"
::ffff:192.168.0.102 - - [26/Oct/2018:04:37:22 +0000] "GET /pvt/api/coins/bitcoin HTTP/1.1" 304 - "http://192.168.0.103:3000/coins/bitcoin" "Mozilla/5.0 (Windows NT 6.1; Win64; x64) AppleWebKit/537.36 (KHTML, like Gecko) Chrome/70.0.3538.77 Safari/537.36"
::ffff:192.168.0.102 - - [26/Oct/2018:04:37:28 +0000] "GET /pvt/api/coins/bitcoin HTTP/1.1" 304 - "http://192.168.0.103:3000/coins/bitcoin" "Mozilla/5.0 (Windows NT 6.1; Win64; x64) AppleWebKit/537.36 (KHTML, like Gecko) Chrome/70.0.3538.77 Safari/537.36"
::ffff:192.168.0.102 - - [26/Oct/2018:04:38:09 +0000] "GET /pvt/api/coins/bitcoin HTTP/1.1" 304 - "http://192.168.0.103:3000/coins/bitcoin" "Mozilla/5.0 (Windows NT 6.1; Win64; x64) AppleWebKit/537.36 (KHTML, like Gecko) Chrome/70.0.3538.77 Safari/537.36"
::ffff:192.168.0.102 - - [26/Oct/2018:04:38:18 +0000] "GET /pvt/api/coins/bitcoin HTTP/1.1" 304 - "http://192.168.0.103:3000/coins/bitcoin" "Mozilla/5.0 (Windows NT 6.1; Win64; x64) AppleWebKit/537.36 (KHTML, like Gecko) Chrome/70.0.3538.77 Safari/537.36"
::ffff:192.168.0.102 - - [26/Oct/2018:04:38:21 +0000] "GET /pvt/api/coins/bitcoin HTTP/1.1" 304 - "http://192.168.0.103:3000/coins/bitcoin" "Mozilla/5.0 (Windows NT 6.1; Win64; x64) AppleWebKit/537.36 (KHTML, like Gecko) Chrome/70.0.3538.77 Safari/537.36"
::ffff:192.168.0.102 - - [26/Oct/2018:04:38:23 +0000] "GET /pvt/api/coins/bitcoin HTTP/1.1" 304 - "http://192.168.0.103:3000/coins/bitcoin" "Mozilla/5.0 (Windows NT 6.1; Win64; x64) AppleWebKit/537.36 (KHTML, like Gecko) Chrome/70.0.3538.77 Safari/537.36"
::ffff:192.168.0.102 - - [26/Oct/2018:04:38:25 +0000] "GET /pvt/api/coins/bitcoin HTTP/1.1" 304 - "http://192.168.0.103:3000/coins/bitcoin" "Mozilla/5.0 (Windows NT 6.1; Win64; x64) AppleWebKit/537.36 (KHTML, like Gecko) Chrome/70.0.3538.77 Safari/537.36"
::ffff:192.168.0.102 - - [26/Oct/2018:04:38:51 +0000] "GET /pvt/api/coins/bitcoin HTTP/1.1" 304 - "http://192.168.0.103:3000/coins/bitcoin" "Mozilla/5.0 (Windows NT 6.1; Win64; x64) AppleWebKit/537.36 (KHTML, like Gecko) Chrome/70.0.3538.77 Safari/537.36"
::ffff:192.168.0.102 - - [26/Oct/2018:04:39:03 +0000] "GET /pvt/api/coins/bitcoin HTTP/1.1" 304 - "http://192.168.0.103:3000/coins/bitcoin" "Mozilla/5.0 (Windows NT 6.1; Win64; x64) AppleWebKit/537.36 (KHTML, like Gecko) Chrome/70.0.3538.77 Safari/537.36"
::ffff:192.168.0.102 - - [26/Oct/2018:04:39:31 +0000] "GET /pvt/api/coins/bitcoin HTTP/1.1" 304 - "http://192.168.0.103:3000/coins/bitcoin" "Mozilla/5.0 (Windows NT 6.1; Win64; x64) AppleWebKit/537.36 (KHTML, like Gecko) Chrome/70.0.3538.77 Safari/537.36"
::ffff:192.168.0.102 - - [26/Oct/2018:04:39:57 +0000] "GET /pvt/api/coins/bitcoin HTTP/1.1" 304 - "http://192.168.0.103:3000/coins/bitcoin" "Mozilla/5.0 (Windows NT 6.1; Win64; x64) AppleWebKit/537.36 (KHTML, like Gecko) Chrome/70.0.3538.77 Safari/537.36"
::ffff:192.168.0.102 - - [26/Oct/2018:04:40:03 +0000] "GET /pvt/api/coins/bitcoin HTTP/1.1" 304 - "http://192.168.0.103:3000/coins/bitcoin" "Mozilla/5.0 (Windows NT 6.1; Win64; x64) AppleWebKit/537.36 (KHTML, like Gecko) Chrome/70.0.3538.77 Safari/537.36"
::ffff:192.168.0.102 - - [26/Oct/2018:04:40:42 +0000] "GET /pvt/api/coins/bitcoin HTTP/1.1" 304 - "http://192.168.0.103:3000/coins/bitcoin" "Mozilla/5.0 (Windows NT 6.1; Win64; x64) AppleWebKit/537.36 (KHTML, like Gecko) Chrome/70.0.3538.77 Safari/537.36"
::ffff:192.168.0.102 - - [26/Oct/2018:04:41:13 +0000] "GET /pvt/api/coins/bitcoin HTTP/1.1" 304 - "http://192.168.0.103:3000/coins/bitcoin" "Mozilla/5.0 (Windows NT 6.1; Win64; x64) AppleWebKit/537.36 (KHTML, like Gecko) Chrome/70.0.3538.77 Safari/537.36"
::ffff:192.168.0.102 - - [26/Oct/2018:04:41:16 +0000] "GET /pvt/api/coins/bitcoin HTTP/1.1" 304 - "http://192.168.0.103:3000/coins/bitcoin" "Mozilla/5.0 (Windows NT 6.1; Win64; x64) AppleWebKit/537.36 (KHTML, like Gecko) Chrome/70.0.3538.77 Safari/537.36"
::ffff:192.168.0.102 - - [26/Oct/2018:04:41:19 +0000] "GET /pvt/api/coins/bitcoin HTTP/1.1" 304 - "http://192.168.0.103:3000/coins/bitcoin" "Mozilla/5.0 (Windows NT 6.1; Win64; x64) AppleWebKit/537.36 (KHTML, like Gecko) Chrome/70.0.3538.77 Safari/537.36"
::ffff:192.168.0.102 - - [26/Oct/2018:04:41:21 +0000] "GET /pvt/api/coins/bitcoin HTTP/1.1" 304 - "http://192.168.0.103:3000/coins/bitcoin" "Mozilla/5.0 (Windows NT 6.1; Win64; x64) AppleWebKit/537.36 (KHTML, like Gecko) Chrome/70.0.3538.77 Safari/537.36"
::ffff:192.168.0.102 - - [26/Oct/2018:04:41:24 +0000] "GET /pvt/api/coins/bitcoin HTTP/1.1" 304 - "http://192.168.0.103:3000/coins/bitcoin" "Mozilla/5.0 (Windows NT 6.1; Win64; x64) AppleWebKit/537.36 (KHTML, like Gecko) Chrome/70.0.3538.77 Safari/537.36"
::ffff:192.168.0.102 - - [26/Oct/2018:04:41:26 +0000] "GET /pvt/api/coins/bitcoin HTTP/1.1" 304 - "http://192.168.0.103:3000/coins/bitcoin" "Mozilla/5.0 (Windows NT 6.1; Win64; x64) AppleWebKit/537.36 (KHTML, like Gecko) Chrome/70.0.3538.77 Safari/537.36"
::ffff:192.168.0.102 - - [26/Oct/2018:04:41:29 +0000] "GET /pvt/api/coins/bitcoin HTTP/1.1" 304 - "http://192.168.0.103:3000/coins/bitcoin" "Mozilla/5.0 (Windows NT 6.1; Win64; x64) AppleWebKit/537.36 (KHTML, like Gecko) Chrome/70.0.3538.77 Safari/537.36"
::ffff:192.168.0.102 - - [26/Oct/2018:04:42:08 +0000] "GET /pvt/api/coins/bitcoin HTTP/1.1" 304 - "http://192.168.0.103:3000/coins/bitcoin" "Mozilla/5.0 (Windows NT 6.1; Win64; x64) AppleWebKit/537.36 (KHTML, like Gecko) Chrome/70.0.3538.77 Safari/537.36"
::ffff:192.168.0.102 - - [26/Oct/2018:04:42:19 +0000] "GET /pvt/api/coins/bitcoin HTTP/1.1" 304 - "http://192.168.0.103:3000/coins/bitcoin" "Mozilla/5.0 (Windows NT 6.1; Win64; x64) AppleWebKit/537.36 (KHTML, like Gecko) Chrome/70.0.3538.77 Safari/537.36"
::ffff:192.168.0.102 - - [26/Oct/2018:04:42:29 +0000] "GET /pvt/api/coins/bitcoin HTTP/1.1" 304 - "http://192.168.0.103:3000/coins/bitcoin" "Mozilla/5.0 (Windows NT 6.1; Win64; x64) AppleWebKit/537.36 (KHTML, like Gecko) Chrome/70.0.3538.77 Safari/537.36"
::ffff:192.168.0.102 - - [26/Oct/2018:04:43:53 +0000] "GET /pvt/api/coins/bitcoin HTTP/1.1" 304 - "http://192.168.0.103:3000/coins/bitcoin" "Mozilla/5.0 (Windows NT 6.1; Win64; x64) AppleWebKit/537.36 (KHTML, like Gecko) Chrome/70.0.3538.77 Safari/537.36"
::ffff:192.168.0.102 - - [26/Oct/2018:04:43:59 +0000] "GET /pvt/api/coins/bitcoin HTTP/1.1" 304 - "http://192.168.0.103:3000/coins/bitcoin" "Mozilla/5.0 (Windows NT 6.1; Win64; x64) AppleWebKit/537.36 (KHTML, like Gecko) Chrome/70.0.3538.77 Safari/537.36"
::ffff:192.168.0.102 - - [26/Oct/2018:04:44:52 +0000] "GET /pvt/api/coins/bitcoin HTTP/1.1" 304 - "http://192.168.0.103:3000/coins/bitcoin" "Mozilla/5.0 (Windows NT 6.1; Win64; x64) AppleWebKit/537.36 (KHTML, like Gecko) Chrome/70.0.3538.77 Safari/537.36"
::ffff:192.168.0.102 - - [26/Oct/2018:04:44:58 +0000] "GET /pvt/api/coins/bitcoin HTTP/1.1" 304 - "http://192.168.0.103:3000/coins/bitcoin" "Mozilla/5.0 (Windows NT 6.1; Win64; x64) AppleWebKit/537.36 (KHTML, like Gecko) Chrome/70.0.3538.77 Safari/537.36"
::ffff:192.168.0.102 - - [26/Oct/2018:04:45:05 +0000] "GET /pvt/api/coins/bitcoin HTTP/1.1" 304 - "http://192.168.0.103:3000/coins/bitcoin" "Mozilla/5.0 (Windows NT 6.1; Win64; x64) AppleWebKit/537.36 (KHTML, like Gecko) Chrome/70.0.3538.77 Safari/537.36"
::ffff:192.168.0.102 - - [26/Oct/2018:04:45:27 +0000] "GET /pvt/api/coins/bitcoin HTTP/1.1" 304 - "http://192.168.0.103:3000/coins/bitcoin" "Mozilla/5.0 (Windows NT 6.1; Win64; x64) AppleWebKit/537.36 (KHTML, like Gecko) Chrome/70.0.3538.77 Safari/537.36"
::ffff:192.168.0.102 - - [26/Oct/2018:04:45:29 +0000] "GET /pvt/api/coins/bitcoin HTTP/1.1" 304 - "http://192.168.0.103:3000/coins/bitcoin" "Mozilla/5.0 (Windows NT 6.1; Win64; x64) AppleWebKit/537.36 (KHTML, like Gecko) Chrome/70.0.3538.77 Safari/537.36"
::ffff:192.168.0.102 - - [26/Oct/2018:04:45:33 +0000] "GET /pvt/api/coins/bitcoin HTTP/1.1" 304 - "http://192.168.0.103:3000/coins/bitcoin" "Mozilla/5.0 (Windows NT 6.1; Win64; x64) AppleWebKit/537.36 (KHTML, like Gecko) Chrome/70.0.3538.77 Safari/537.36"
::ffff:192.168.0.102 - - [26/Oct/2018:04:45:36 +0000] "GET /pvt/api/coins/bitcoin HTTP/1.1" 304 - "http://192.168.0.103:3000/coins/bitcoin" "Mozilla/5.0 (Windows NT 6.1; Win64; x64) AppleWebKit/537.36 (KHTML, like Gecko) Chrome/70.0.3538.77 Safari/537.36"
::ffff:192.168.0.102 - - [26/Oct/2018:04:45:41 +0000] "GET /pvt/api/coins/bitcoin HTTP/1.1" 304 - "http://192.168.0.103:3000/coins/bitcoin" "Mozilla/5.0 (Windows NT 6.1; Win64; x64) AppleWebKit/537.36 (KHTML, like Gecko) Chrome/70.0.3538.77 Safari/537.36"
::ffff:192.168.0.102 - - [26/Oct/2018:04:46:58 +0000] "GET /pvt/api/coins/bitcoin HTTP/1.1" 304 - "http://192.168.0.103:3000/coins/bitcoin" "Mozilla/5.0 (Windows NT 6.1; Win64; x64) AppleWebKit/537.36 (KHTML, like Gecko) Chrome/70.0.3538.77 Safari/537.36"
::ffff:192.168.0.102 - - [26/Oct/2018:04:47:00 +0000] "GET /pvt/api/coins/bitcoin HTTP/1.1" 304 - "http://192.168.0.103:3000/coins/bitcoin" "Mozilla/5.0 (Windows NT 6.1; Win64; x64) AppleWebKit/537.36 (KHTML, like Gecko) Chrome/70.0.3538.77 Safari/537.36"
::ffff:192.168.0.102 - - [26/Oct/2018:04:47:03 +0000] "GET /pvt/api/coins/bitcoin HTTP/1.1" 304 - "http://192.168.0.103:3000/coins/bitcoin" "Mozilla/5.0 (Windows NT 6.1; Win64; x64) AppleWebKit/537.36 (KHTML, like Gecko) Chrome/70.0.3538.77 Safari/537.36"
::ffff:192.168.0.102 - - [26/Oct/2018:04:47:05 +0000] "GET /pvt/api/coins/bitcoin HTTP/1.1" 304 - "http://192.168.0.103:3000/coins/bitcoin" "Mozilla/5.0 (Windows NT 6.1; Win64; x64) AppleWebKit/537.36 (KHTML, like Gecko) Chrome/70.0.3538.77 Safari/537.36"
::ffff:192.168.0.102 - - [26/Oct/2018:04:47:11 +0000] "GET /pvt/api/coins/bitcoin HTTP/1.1" 304 - "http://192.168.0.103:3000/coins/bitcoin" "Mozilla/5.0 (Windows NT 6.1; Win64; x64) AppleWebKit/537.36 (KHTML, like Gecko) Chrome/70.0.3538.77 Safari/537.36"
::ffff:192.168.0.102 - - [26/Oct/2018:04:47:14 +0000] "GET /pvt/api/coins/bitcoin HTTP/1.1" 304 - "http://192.168.0.103:3000/coins/bitcoin" "Mozilla/5.0 (Windows NT 6.1; Win64; x64) AppleWebKit/537.36 (KHTML, like Gecko) Chrome/70.0.3538.77 Safari/537.36"
::ffff:192.168.0.102 - - [26/Oct/2018:04:48:00 +0000] "GET /pvt/api/coins/bitcoin HTTP/1.1" 304 - "http://192.168.0.103:3000/coins/bitcoin" "Mozilla/5.0 (Windows NT 6.1; Win64; x64) AppleWebKit/537.36 (KHTML, like Gecko) Chrome/70.0.3538.77 Safari/537.36"
::ffff:192.168.0.102 - - [26/Oct/2018:04:48:19 +0000] "GET /pvt/api/coins/bitcoin HTTP/1.1" 304 - "http://192.168.0.103:3000/coins/bitcoin" "Mozilla/5.0 (Windows NT 6.1; Win64; x64) AppleWebKit/537.36 (KHTML, like Gecko) Chrome/70.0.3538.77 Safari/537.36"
::ffff:192.168.0.102 - - [26/Oct/2018:04:50:37 +0000] "GET /pvt/api/coins/bitcoin HTTP/1.1" 304 - "http://192.168.0.103:3000/coins/bitcoin" "Mozilla/5.0 (Windows NT 6.1; Win64; x64) AppleWebKit/537.36 (KHTML, like Gecko) Chrome/70.0.3538.77 Safari/537.36"
::ffff:192.168.0.102 - - [26/Oct/2018:04:50:47 +0000] "GET /pvt/api/coins/bitcoin HTTP/1.1" 304 - "http://192.168.0.103:3000/coins/bitcoin" "Mozilla/5.0 (Windows NT 6.1; Win64; x64) AppleWebKit/537.36 (KHTML, like Gecko) Chrome/70.0.3538.77 Safari/537.36"
::ffff:192.168.0.102 - - [26/Oct/2018:04:51:24 +0000] "GET /pvt/api/coins/bitcoin HTTP/1.1" 304 - "http://192.168.0.103:3000/coins/bitcoin" "Mozilla/5.0 (Windows NT 6.1; Win64; x64) AppleWebKit/537.36 (KHTML, like Gecko) Chrome/70.0.3538.77 Safari/537.36"
::ffff:192.168.0.102 - - [26/Oct/2018:04:51:45 +0000] "GET /pvt/api/coins/bitcoin HTTP/1.1" 304 - "http://192.168.0.103:3000/coins/bitcoin" "Mozilla/5.0 (Windows NT 6.1; Win64; x64) AppleWebKit/537.36 (KHTML, like Gecko) Chrome/70.0.3538.77 Safari/537.36"
::ffff:192.168.0.102 - - [26/Oct/2018:04:51:49 +0000] "GET /pvt/api/coins/bitcoin HTTP/1.1" 304 - "http://192.168.0.103:3000/coins/bitcoin" "Mozilla/5.0 (Windows NT 6.1; Win64; x64) AppleWebKit/537.36 (KHTML, like Gecko) Chrome/70.0.3538.77 Safari/537.36"
::ffff:192.168.0.102 - - [26/Oct/2018:04:51:53 +0000] "GET /pvt/api/coins/bitcoin HTTP/1.1" 304 - "http://192.168.0.103:3000/coins/bitcoin" "Mozilla/5.0 (Windows NT 6.1; Win64; x64) AppleWebKit/537.36 (KHTML, like Gecko) Chrome/70.0.3538.77 Safari/537.36"
::ffff:192.168.0.102 - - [26/Oct/2018:04:51:59 +0000] "GET /pvt/api/coins/bitcoin HTTP/1.1" 304 - "http://192.168.0.103:3000/coins/bitcoin" "Mozilla/5.0 (Windows NT 6.1; Win64; x64) AppleWebKit/537.36 (KHTML, like Gecko) Chrome/70.0.3538.77 Safari/537.36"
::ffff:192.168.0.102 - - [26/Oct/2018:04:52:08 +0000] "GET /pvt/api/coins/bitcoin HTTP/1.1" 304 - "http://192.168.0.103:3000/coins/bitcoin" "Mozilla/5.0 (Windows NT 6.1; Win64; x64) AppleWebKit/537.36 (KHTML, like Gecko) Chrome/70.0.3538.77 Safari/537.36"
::ffff:192.168.0.102 - - [26/Oct/2018:04:52:51 +0000] "GET /pvt/api/coins/bitcoin HTTP/1.1" 304 - "http://192.168.0.103:3000/coins/bitcoin" "Mozilla/5.0 (Windows NT 6.1; Win64; x64) AppleWebKit/537.36 (KHTML, like Gecko) Chrome/70.0.3538.77 Safari/537.36"
::ffff:192.168.0.102 - - [26/Oct/2018:04:53:20 +0000] "GET /pvt/api/home HTTP/1.1" 304 - "http://192.168.0.103:3000/" "Mozilla/5.0 (Windows NT 6.1; Win64; x64) AppleWebKit/537.36 (KHTML, like Gecko) Chrome/70.0.3538.77 Safari/537.36"
::ffff:192.168.0.102 - - [26/Oct/2018:04:53:23 +0000] "GET /pvt/api/coins/stellar HTTP/1.1" 200 631 "http://192.168.0.103:3000/coins/stellar" "Mozilla/5.0 (Windows NT 6.1; Win64; x64) AppleWebKit/537.36 (KHTML, like Gecko) Chrome/70.0.3538.77 Safari/537.36"
::ffff:192.168.0.102 - - [26/Oct/2018:04:53:27 +0000] "GET /pvt/api/coins/stellar HTTP/1.1" 304 - "http://192.168.0.103:3000/coins/stellar" "Mozilla/5.0 (Windows NT 6.1; Win64; x64) AppleWebKit/537.36 (KHTML, like Gecko) Chrome/70.0.3538.77 Safari/537.36"
::ffff:192.168.0.102 - - [26/Oct/2018:04:54:14 +0000] "GET /pvt/api/home HTTP/1.1" 304 - "http://192.168.0.103:3000/" "Mozilla/5.0 (Windows NT 6.1; Win64; x64) AppleWebKit/537.36 (KHTML, like Gecko) Chrome/70.0.3538.77 Safari/537.36"
::ffff:192.168.0.102 - - [26/Oct/2018:04:57:05 +0000] "GET /pvt/api/coins/maidsafecoin HTTP/1.1" 200 621 "http://192.168.0.103:3000/coins/maidsafecoin" "Mozilla/5.0 (Windows NT 6.1; Win64; x64) AppleWebKit/537.36 (KHTML, like Gecko) Chrome/70.0.3538.77 Safari/537.36"
::ffff:192.168.0.102 - - [26/Oct/2018:04:57:51 +0000] "GET /pvt/api/home HTTP/1.1" 304 - "http://192.168.0.103:3000/" "Mozilla/5.0 (Windows NT 6.1; Win64; x64) AppleWebKit/537.36 (KHTML, like Gecko) Chrome/70.0.3538.77 Safari/537.36"
::ffff:192.168.0.102 - - [26/Oct/2018:04:58:41 +0000] "GET /pvt/api/coins/paccoin HTTP/1.1" 200 640 "http://192.168.0.103:3000/coins/paccoin" "Mozilla/5.0 (Windows NT 6.1; Win64; x64) AppleWebKit/537.36 (KHTML, like Gecko) Chrome/70.0.3538.77 Safari/537.36"
::ffff:192.168.0.102 - - [26/Oct/2018:04:59:11 +0000] "GET /pvt/api/home HTTP/1.1" 304 - "http://192.168.0.103:3000/" "Mozilla/5.0 (Windows NT 6.1; Win64; x64) AppleWebKit/537.36 (KHTML, like Gecko) Chrome/70.0.3538.77 Safari/537.36"
::ffff:192.168.0.102 - - [26/Oct/2018:04:59:14 +0000] "GET /pvt/api/coins/bitcoin HTTP/1.1" 304 - "http://192.168.0.103:3000/coins/bitcoin" "Mozilla/5.0 (Windows NT 6.1; Win64; x64) AppleWebKit/537.36 (KHTML, like Gecko) Chrome/70.0.3538.77 Safari/537.36"
::ffff:192.168.0.102 - - [26/Oct/2018:04:59:17 +0000] "GET /pvt/api/coins/bitcoin HTTP/1.1" 304 - "http://192.168.0.103:3000/coins/bitcoin" "Mozilla/5.0 (Windows NT 6.1; Win64; x64) AppleWebKit/537.36 (KHTML, like Gecko) Chrome/70.0.3538.77 Safari/537.36"
::ffff:192.168.0.102 - - [26/Oct/2018:04:59:21 +0000] "GET /pvt/api/coins/bitcoin HTTP/1.1" 304 - "http://192.168.0.103:3000/coins/bitcoin" "Mozilla/5.0 (Windows NT 6.1; Win64; x64) AppleWebKit/537.36 (KHTML, like Gecko) Chrome/70.0.3538.77 Safari/537.36"
::ffff:192.168.0.102 - - [26/Oct/2018:04:59:38 +0000] "GET /pvt/api/coins/bitcoin HTTP/1.1" 304 - "http://192.168.0.103:3000/coins/bitcoin" "Mozilla/5.0 (Windows NT 6.1; Win64; x64) AppleWebKit/537.36 (KHTML, like Gecko) Chrome/70.0.3538.77 Safari/537.36"
::ffff:192.168.0.102 - - [26/Oct/2018:05:07:08 +0000] "GET /pvt/api/coins/bitcoin HTTP/1.1" 304 - "http://192.168.0.103:3000/coins/bitcoin" "Mozilla/5.0 (Windows NT 6.1; Win64; x64) AppleWebKit/537.36 (KHTML, like Gecko) Chrome/70.0.3538.77 Safari/537.36"
::ffff:192.168.0.102 - - [26/Oct/2018:05:07:09 +0000] "GET /pvt/api/coins/bitcoin HTTP/1.1" 304 - "http://192.168.0.103:3000/coins/bitcoin" "Mozilla/5.0 (Windows NT 6.1; Win64; x64) AppleWebKit/537.36 (KHTML, like Gecko) Chrome/70.0.3538.77 Safari/537.36"
::ffff:192.168.0.102 - - [26/Oct/2018:05:07:17 +0000] "GET /pvt/api/coins/bitcoin HTTP/1.1" 304 - "http://192.168.0.103:3000/coins/bitcoin" "Mozilla/5.0 (Windows NT 6.1; Win64; x64) AppleWebKit/537.36 (KHTML, like Gecko) Chrome/70.0.3538.77 Safari/537.36"
::ffff:192.168.0.102 - - [26/Oct/2018:05:11:02 +0000] "GET /pvt/api/coins/bitcoin HTTP/1.1" 304 - "http://192.168.0.103:3000/coins/bitcoin" "Mozilla/5.0 (Windows NT 6.1; Win64; x64) AppleWebKit/537.36 (KHTML, like Gecko) Chrome/70.0.3538.77 Safari/537.36"
::ffff:192.168.0.102 - - [26/Oct/2018:05:11:30 +0000] "GET /pvt/api/coins/bitcoin HTTP/1.1" 304 - "http://192.168.0.103:3000/coins/bitcoin" "Mozilla/5.0 (Windows NT 6.1; Win64; x64) AppleWebKit/537.36 (KHTML, like Gecko) Chrome/70.0.3538.77 Safari/537.36"
::ffff:192.168.0.102 - - [26/Oct/2018:05:11:46 +0000] "GET /pvt/api/coins/bitcoin HTTP/1.1" 304 - "http://192.168.0.103:3000/coins/bitcoin" "Mozilla/5.0 (Windows NT 6.1; Win64; x64) AppleWebKit/537.36 (KHTML, like Gecko) Chrome/70.0.3538.77 Safari/537.36"
::ffff:192.168.0.102 - - [26/Oct/2018:05:12:05 +0000] "GET /pvt/api/coins/bitcoin HTTP/1.1" 304 - "http://192.168.0.103:3000/coins/bitcoin" "Mozilla/5.0 (Windows NT 6.1; Win64; x64) AppleWebKit/537.36 (KHTML, like Gecko) Chrome/70.0.3538.77 Safari/537.36"
::ffff:192.168.0.102 - - [26/Oct/2018:05:12:12 +0000] "GET /pvt/api/coins/bitcoin HTTP/1.1" 304 - "http://192.168.0.103:3000/coins/bitcoin" "Mozilla/5.0 (Windows NT 6.1; Win64; x64) AppleWebKit/537.36 (KHTML, like Gecko) Chrome/70.0.3538.77 Safari/537.36"
::ffff:192.168.0.102 - - [26/Oct/2018:05:12:24 +0000] "GET /pvt/api/coins/bitcoin HTTP/1.1" 304 - "http://192.168.0.103:3000/coins/bitcoin" "Mozilla/5.0 (Windows NT 6.1; Win64; x64) AppleWebKit/537.36 (KHTML, like Gecko) Chrome/70.0.3538.77 Safari/537.36"
::ffff:192.168.0.102 - - [26/Oct/2018:05:13:05 +0000] "GET /pvt/api/coins/bitcoin HTTP/1.1" 304 - "http://192.168.0.103:3000/coins/bitcoin" "Mozilla/5.0 (Windows NT 6.1; Win64; x64) AppleWebKit/537.36 (KHTML, like Gecko) Chrome/70.0.3538.77 Safari/537.36"
::ffff:192.168.0.102 - - [26/Oct/2018:05:13:09 +0000] "GET /pvt/api/coins/bitcoin HTTP/1.1" 304 - "http://192.168.0.103:3000/coins/bitcoin" "Mozilla/5.0 (Windows NT 6.1; Win64; x64) AppleWebKit/537.36 (KHTML, like Gecko) Chrome/70.0.3538.77 Safari/537.36"
::ffff:192.168.0.102 - - [26/Oct/2018:05:13:52 +0000] "GET /pvt/api/coins/bitcoin HTTP/1.1" 304 - "http://192.168.0.103:3000/coins/bitcoin" "Mozilla/5.0 (Windows NT 6.1; Win64; x64) AppleWebKit/537.36 (KHTML, like Gecko) Chrome/70.0.3538.77 Safari/537.36"
::ffff:192.168.0.102 - - [26/Oct/2018:05:14:39 +0000] "GET /pvt/api/coins/bitcoin HTTP/1.1" 304 - "http://192.168.0.103:3000/coins/bitcoin" "Mozilla/5.0 (Windows NT 6.1; Win64; x64) AppleWebKit/537.36 (KHTML, like Gecko) Chrome/70.0.3538.77 Safari/537.36"
::ffff:192.168.0.102 - - [26/Oct/2018:05:15:06 +0000] "GET /pvt/api/coins/bitcoin HTTP/1.1" 304 - "http://192.168.0.103:3000/coins/bitcoin" "Mozilla/5.0 (Windows NT 6.1; Win64; x64) AppleWebKit/537.36 (KHTML, like Gecko) Chrome/70.0.3538.77 Safari/537.36"
::ffff:192.168.0.102 - - [26/Oct/2018:05:15:33 +0000] "GET /pvt/api/coins/bitcoin HTTP/1.1" 304 - "http://192.168.0.103:3000/coins/bitcoin" "Mozilla/5.0 (Windows NT 6.1; Win64; x64) AppleWebKit/537.36 (KHTML, like Gecko) Chrome/70.0.3538.77 Safari/537.36"
::ffff:192.168.0.102 - - [26/Oct/2018:05:15:39 +0000] "GET /pvt/api/coins/bitcoin HTTP/1.1" 304 - "http://192.168.0.103:3000/coins/bitcoin" "Mozilla/5.0 (Windows NT 6.1; Win64; x64) AppleWebKit/537.36 (KHTML, like Gecko) Chrome/70.0.3538.77 Safari/537.36"
::ffff:192.168.0.102 - - [26/Oct/2018:05:15:52 +0000] "GET /pvt/api/coins/bitcoin HTTP/1.1" 304 - "http://192.168.0.103:3000/coins/bitcoin" "Mozilla/5.0 (Windows NT 6.1; Win64; x64) AppleWebKit/537.36 (KHTML, like Gecko) Chrome/70.0.3538.77 Safari/537.36"
::ffff:192.168.0.102 - - [26/Oct/2018:05:16:08 +0000] "GET /pvt/api/coins/bitcoin HTTP/1.1" 304 - "http://192.168.0.103:3000/coins/bitcoin" "Mozilla/5.0 (Windows NT 6.1; Win64; x64) AppleWebKit/537.36 (KHTML, like Gecko) Chrome/70.0.3538.77 Safari/537.36"
::ffff:192.168.0.102 - - [26/Oct/2018:05:16:14 +0000] "GET /pvt/api/coins/bitcoin HTTP/1.1" 304 - "http://192.168.0.103:3000/coins/bitcoin" "Mozilla/5.0 (Windows NT 6.1; Win64; x64) AppleWebKit/537.36 (KHTML, like Gecko) Chrome/70.0.3538.77 Safari/537.36"
::ffff:192.168.0.102 - - [26/Oct/2018:05:19:54 +0000] "GET /pvt/api/coins/bitcoin HTTP/1.1" 304 - "http://192.168.0.103:3000/coins/bitcoin" "Mozilla/5.0 (Windows NT 6.1; Win64; x64) AppleWebKit/537.36 (KHTML, like Gecko) Chrome/70.0.3538.77 Safari/537.36"
::ffff:192.168.0.102 - - [26/Oct/2018:05:19:56 +0000] "GET /pvt/api/coins/bitcoin HTTP/1.1" 304 - "http://192.168.0.103:3000/coins/bitcoin" "Mozilla/5.0 (Windows NT 6.1; Win64; x64) AppleWebKit/537.36 (KHTML, like Gecko) Chrome/70.0.3538.77 Safari/537.36"
::ffff:192.168.0.102 - - [26/Oct/2018:05:20:38 +0000] "GET /pvt/api/coins/bitcoin HTTP/1.1" 304 - "http://192.168.0.103:3000/coins/bitcoin" "Mozilla/5.0 (Windows NT 6.1; Win64; x64) AppleWebKit/537.36 (KHTML, like Gecko) Chrome/70.0.3538.77 Safari/537.36"
::ffff:192.168.0.102 - - [26/Oct/2018:05:20:39 +0000] "GET /pvt/api/coins/bitcoin HTTP/1.1" 304 - "http://192.168.0.103:3000/coins/bitcoin" "Mozilla/5.0 (Windows NT 6.1; Win64; x64) AppleWebKit/537.36 (KHTML, like Gecko) Chrome/70.0.3538.77 Safari/537.36"
::ffff:192.168.0.102 - - [26/Oct/2018:05:22:48 +0000] "GET /pvt/api/coins/bitcoin HTTP/1.1" 304 - "http://192.168.0.103:3000/coins/bitcoin" "Mozilla/5.0 (Windows NT 6.1; Win64; x64) AppleWebKit/537.36 (KHTML, like Gecko) Chrome/70.0.3538.77 Safari/537.36"
::ffff:192.168.0.102 - - [26/Oct/2018:05:23:10 +0000] "GET /pvt/api/coins/bitcoin HTTP/1.1" 304 - "http://192.168.0.103:3000/coins/bitcoin" "Mozilla/5.0 (Windows NT 6.1; Win64; x64) AppleWebKit/537.36 (KHTML, like Gecko) Chrome/70.0.3538.77 Safari/537.36"
::ffff:192.168.0.102 - - [26/Oct/2018:05:23:13 +0000] "GET /pvt/api/coins/bitcoin HTTP/1.1" 304 - "http://192.168.0.103:3000/coins/bitcoin" "Mozilla/5.0 (Windows NT 6.1; Win64; x64) AppleWebKit/537.36 (KHTML, like Gecko) Chrome/70.0.3538.77 Safari/537.36"
::ffff:192.168.0.102 - - [26/Oct/2018:05:23:17 +0000] "GET /pvt/api/coins/bitcoin HTTP/1.1" 304 - "http://192.168.0.103:3000/coins/bitcoin" "Mozilla/5.0 (Windows NT 6.1; Win64; x64) AppleWebKit/537.36 (KHTML, like Gecko) Chrome/70.0.3538.77 Safari/537.36"
::ffff:192.168.0.102 - - [26/Oct/2018:05:23:55 +0000] "GET /pvt/api/coins/bitcoin HTTP/1.1" 304 - "http://192.168.0.103:3000/coins/bitcoin" "Mozilla/5.0 (Windows NT 6.1; Win64; x64) AppleWebKit/537.36 (KHTML, like Gecko) Chrome/70.0.3538.77 Safari/537.36"
::ffff:192.168.0.102 - - [26/Oct/2018:05:24:49 +0000] "GET /pvt/api/coins/bitcoin HTTP/1.1" 304 - "http://192.168.0.103:3000/coins/bitcoin" "Mozilla/5.0 (Windows NT 6.1; Win64; x64) AppleWebKit/537.36 (KHTML, like Gecko) Chrome/70.0.3538.77 Safari/537.36"
::ffff:192.168.0.102 - - [26/Oct/2018:05:25:27 +0000] "GET /pvt/api/coins/bitcoin HTTP/1.1" 304 - "http://192.168.0.103:3000/coins/bitcoin" "Mozilla/5.0 (Windows NT 6.1; Win64; x64) AppleWebKit/537.36 (KHTML, like Gecko) Chrome/70.0.3538.77 Safari/537.36"
::ffff:192.168.0.102 - - [26/Oct/2018:05:26:00 +0000] "GET /pvt/api/coins/bitcoin HTTP/1.1" 304 - "http://192.168.0.103:3000/coins/bitcoin" "Mozilla/5.0 (Windows NT 6.1; Win64; x64) AppleWebKit/537.36 (KHTML, like Gecko) Chrome/70.0.3538.77 Safari/537.36"
::ffff:192.168.0.102 - - [26/Oct/2018:05:26:06 +0000] "GET /pvt/api/coins/bitcoin HTTP/1.1" 304 - "http://192.168.0.103:3000/coins/bitcoin" "Mozilla/5.0 (Windows NT 6.1; Win64; x64) AppleWebKit/537.36 (KHTML, like Gecko) Chrome/70.0.3538.77 Safari/537.36"
::ffff:192.168.0.102 - - [26/Oct/2018:05:26:47 +0000] "GET /pvt/api/coins/bitcoin HTTP/1.1" 304 - "http://192.168.0.103:3000/coins/bitcoin" "Mozilla/5.0 (Windows NT 6.1; Win64; x64) AppleWebKit/537.36 (KHTML, like Gecko) Chrome/70.0.3538.77 Safari/537.36"
::ffff:192.168.0.102 - - [26/Oct/2018:05:28:20 +0000] "GET /pvt/api/coins/bitcoin HTTP/1.1" 304 - "http://192.168.0.103:3000/coins/bitcoin" "Mozilla/5.0 (Windows NT 6.1; Win64; x64) AppleWebKit/537.36 (KHTML, like Gecko) Chrome/70.0.3538.77 Safari/537.36"
::ffff:192.168.0.102 - - [26/Oct/2018:05:31:04 +0000] "GET /pvt/api/coins/bitcoin HTTP/1.1" 304 - "http://192.168.0.103:3000/coins/bitcoin" "Mozilla/5.0 (Windows NT 6.1; Win64; x64) AppleWebKit/537.36 (KHTML, like Gecko) Chrome/70.0.3538.77 Safari/537.36"
::ffff:192.168.0.102 - - [26/Oct/2018:05:31:09 +0000] "GET /pvt/api/coins/bitcoin HTTP/1.1" 304 - "http://192.168.0.103:3000/coins/bitcoin" "Mozilla/5.0 (Windows NT 6.1; Win64; x64) AppleWebKit/537.36 (KHTML, like Gecko) Chrome/70.0.3538.77 Safari/537.36"
::ffff:192.168.0.102 - - [26/Oct/2018:05:31:26 +0000] "GET /pvt/api/coins/bitcoin HTTP/1.1" 304 - "http://192.168.0.103:3000/coins/bitcoin" "Mozilla/5.0 (Windows NT 6.1; Win64; x64) AppleWebKit/537.36 (KHTML, like Gecko) Chrome/70.0.3538.77 Safari/537.36"
::ffff:192.168.0.102 - - [26/Oct/2018:05:32:37 +0000] "GET /pvt/api/coins/bitcoin HTTP/1.1" 304 - "http://192.168.0.103:3000/coins/bitcoin" "Mozilla/5.0 (Windows NT 6.1; Win64; x64) AppleWebKit/537.36 (KHTML, like Gecko) Chrome/70.0.3538.77 Safari/537.36"
::ffff:192.168.0.102 - - [26/Oct/2018:05:37:15 +0000] "GET /pvt/api/coins/bitcoin HTTP/1.1" 304 - "http://192.168.0.103:3000/coins/bitcoin" "Mozilla/5.0 (Windows NT 6.1; Win64; x64) AppleWebKit/537.36 (KHTML, like Gecko) Chrome/70.0.3538.77 Safari/537.36"
::ffff:192.168.0.102 - - [26/Oct/2018:05:37:17 +0000] "GET /pvt/api/coins/bitcoin HTTP/1.1" 304 - "http://192.168.0.103:3000/coins/bitcoin" "Mozilla/5.0 (Windows NT 6.1; Win64; x64) AppleWebKit/537.36 (KHTML, like Gecko) Chrome/70.0.3538.77 Safari/537.36"
::ffff:192.168.0.103 - - [26/Oct/2018:05:40:24 +0000] "GET /pvt/api/home HTTP/1.1" 200 1134333 "http://localhost:3000/" "Mozilla/5.0 (Windows NT 10.0; Win64; x64) AppleWebKit/537.36 (KHTML, like Gecko) Chrome/70.0.3538.77 Safari/537.36"
::ffff:192.168.0.102 - - [26/Oct/2018:05:40:34 +0000] "GET /pvt/api/coins/bitcoin HTTP/1.1" 304 - "http://192.168.0.103:3000/coins/bitcoin" "Mozilla/5.0 (Windows NT 6.1; Win64; x64) AppleWebKit/537.36 (KHTML, like Gecko) Chrome/70.0.3538.77 Safari/537.36"
::ffff:192.168.0.103 - - [26/Oct/2018:05:41:42 +0000] "GET /pvt/api/home HTTP/1.1" 200 1134333 "http://localhost:3000/" "Mozilla/5.0 (Windows NT 10.0; Win64; x64) AppleWebKit/537.36 (KHTML, like Gecko) Chrome/70.0.3538.77 Safari/537.36"
::ffff:192.168.0.102 - - [26/Oct/2018:05:41:43 +0000] "GET /pvt/api/coins/bitcoin HTTP/1.1" 304 - "http://192.168.0.103:3000/coins/bitcoin" "Mozilla/5.0 (Windows NT 6.1; Win64; x64) AppleWebKit/537.36 (KHTML, like Gecko) Chrome/70.0.3538.77 Safari/537.36"
::ffff:192.168.0.103 - - [26/Oct/2018:05:42:50 +0000] "GET /pvt/api/home HTTP/1.1" 200 1134333 "http://localhost:3000/" "Mozilla/5.0 (Windows NT 10.0; Win64; x64) AppleWebKit/537.36 (KHTML, like Gecko) Chrome/70.0.3538.77 Safari/537.36"
::ffff:192.168.0.102 - - [26/Oct/2018:05:42:51 +0000] "GET /pvt/api/coins/bitcoin HTTP/1.1" 304 - "http://192.168.0.103:3000/coins/bitcoin" "Mozilla/5.0 (Windows NT 6.1; Win64; x64) AppleWebKit/537.36 (KHTML, like Gecko) Chrome/70.0.3538.77 Safari/537.36"
::ffff:192.168.0.102 - - [26/Oct/2018:05:43:12 +0000] "GET /pvt/api/coins/bitcoin HTTP/1.1" 304 - "http://192.168.0.103:3000/coins/bitcoin" "Mozilla/5.0 (Windows NT 6.1; Win64; x64) AppleWebKit/537.36 (KHTML, like Gecko) Chrome/70.0.3538.77 Safari/537.36"
::ffff:192.168.0.103 - - [26/Oct/2018:05:43:13 +0000] "GET /pvt/api/home HTTP/1.1" 200 1134333 "http://localhost:3000/" "Mozilla/5.0 (Windows NT 10.0; Win64; x64) AppleWebKit/537.36 (KHTML, like Gecko) Chrome/70.0.3538.77 Safari/537.36"
::ffff:192.168.0.103 - - [26/Oct/2018:05:45:05 +0000] "GET /pvt/api/home HTTP/1.1" 200 1134333 "http://localhost:3000/" "Mozilla/5.0 (Windows NT 10.0; Win64; x64) AppleWebKit/537.36 (KHTML, like Gecko) Chrome/70.0.3538.77 Safari/537.36"
::ffff:192.168.0.102 - - [26/Oct/2018:05:45:05 +0000] "GET /pvt/api/coins/bitcoin HTTP/1.1" 304 - "http://192.168.0.103:3000/coins/bitcoin" "Mozilla/5.0 (Windows NT 6.1; Win64; x64) AppleWebKit/537.36 (KHTML, like Gecko) Chrome/70.0.3538.77 Safari/537.36"
::ffff:192.168.0.103 - - [26/Oct/2018:05:45:44 +0000] "GET /pvt/api/home HTTP/1.1" 200 1134333 "http://localhost:3000/" "Mozilla/5.0 (Windows NT 10.0; Win64; x64) AppleWebKit/537.36 (KHTML, like Gecko) Chrome/70.0.3538.77 Safari/537.36"
::ffff:192.168.0.102 - - [26/Oct/2018:05:45:44 +0000] "GET /pvt/api/coins/bitcoin HTTP/1.1" 304 - "http://192.168.0.103:3000/coins/bitcoin" "Mozilla/5.0 (Windows NT 6.1; Win64; x64) AppleWebKit/537.36 (KHTML, like Gecko) Chrome/70.0.3538.77 Safari/537.36"
::ffff:192.168.0.102 - - [26/Oct/2018:05:46:46 +0000] "GET /pvt/api/coins/bitcoin HTTP/1.1" 304 - "http://192.168.0.103:3000/coins/bitcoin" "Mozilla/5.0 (Windows NT 6.1; Win64; x64) AppleWebKit/537.36 (KHTML, like Gecko) Chrome/70.0.3538.77 Safari/537.36"
::ffff:192.168.0.103 - - [26/Oct/2018:05:46:47 +0000] "GET /pvt/api/home HTTP/1.1" 200 1134333 "http://localhost:3000/" "Mozilla/5.0 (Windows NT 10.0; Win64; x64) AppleWebKit/537.36 (KHTML, like Gecko) Chrome/70.0.3538.77 Safari/537.36"
::ffff:192.168.0.103 - - [26/Oct/2018:05:48:14 +0000] "GET /pvt/api/home HTTP/1.1" 200 1134333 "http://localhost:3000/" "Mozilla/5.0 (Windows NT 10.0; Win64; x64) AppleWebKit/537.36 (KHTML, like Gecko) Chrome/70.0.3538.77 Safari/537.36"
::ffff:192.168.0.102 - - [26/Oct/2018:05:50:08 +0000] "GET /pvt/api/coins/bitcoin HTTP/1.1" 304 - "http://192.168.0.103:3000/coins/bitcoin" "Mozilla/5.0 (Windows NT 6.1; Win64; x64) AppleWebKit/537.36 (KHTML, like Gecko) Chrome/70.0.3538.77 Safari/537.36"
::ffff:192.168.0.103 - - [26/Oct/2018:05:50:08 +0000] "GET /pvt/api/home HTTP/1.1" 200 1134333 "http://localhost:3000/" "Mozilla/5.0 (Windows NT 10.0; Win64; x64) AppleWebKit/537.36 (KHTML, like Gecko) Chrome/70.0.3538.77 Safari/537.36"
::ffff:192.168.0.102 - - [26/Oct/2018:05:51:14 +0000] "GET /pvt/api/coins/bitcoin HTTP/1.1" 304 - "http://192.168.0.103:3000/coins/bitcoin" "Mozilla/5.0 (Windows NT 6.1; Win64; x64) AppleWebKit/537.36 (KHTML, like Gecko) Chrome/70.0.3538.77 Safari/537.36"
::ffff:192.168.0.103 - - [26/Oct/2018:05:51:14 +0000] "GET /pvt/api/home HTTP/1.1" 200 1134333 "http://localhost:3000/" "Mozilla/5.0 (Windows NT 10.0; Win64; x64) AppleWebKit/537.36 (KHTML, like Gecko) Chrome/70.0.3538.77 Safari/537.36"
::ffff:192.168.0.102 - - [26/Oct/2018:05:52:09 +0000] "GET /pvt/api/coins/bitcoin HTTP/1.1" 304 - "http://192.168.0.103:3000/coins/bitcoin" "Mozilla/5.0 (Windows NT 6.1; Win64; x64) AppleWebKit/537.36 (KHTML, like Gecko) Chrome/70.0.3538.77 Safari/537.36"
::ffff:192.168.0.103 - - [26/Oct/2018:05:52:09 +0000] "GET /pvt/api/home HTTP/1.1" 200 1134333 "http://localhost:3000/" "Mozilla/5.0 (Windows NT 10.0; Win64; x64) AppleWebKit/537.36 (KHTML, like Gecko) Chrome/70.0.3538.77 Safari/537.36"
::ffff:192.168.0.102 - - [26/Oct/2018:05:52:47 +0000] "GET /pvt/api/coins/bitcoin HTTP/1.1" 304 - "http://192.168.0.103:3000/coins/bitcoin" "Mozilla/5.0 (Windows NT 6.1; Win64; x64) AppleWebKit/537.36 (KHTML, like Gecko) Chrome/70.0.3538.77 Safari/537.36"
::ffff:192.168.0.102 - - [26/Oct/2018:05:54:29 +0000] "GET /pvt/api/coins/bitcoin HTTP/1.1" 304 - "http://192.168.0.103:3000/coins/bitcoin" "Mozilla/5.0 (Windows NT 6.1; Win64; x64) AppleWebKit/537.36 (KHTML, like Gecko) Chrome/70.0.3538.77 Safari/537.36"
::ffff:192.168.0.103 - - [26/Oct/2018:05:54:30 +0000] "GET /pvt/api/home HTTP/1.1" 200 1134333 "http://localhost:3000/" "Mozilla/5.0 (Windows NT 10.0; Win64; x64) AppleWebKit/537.36 (KHTML, like Gecko) Chrome/70.0.3538.77 Safari/537.36"
::ffff:192.168.0.102 - - [26/Oct/2018:05:54:31 +0000] "GET /pvt/api/coins/bitcoin HTTP/1.1" 304 - "http://192.168.0.103:3000/coins/bitcoin" "Mozilla/5.0 (Windows NT 6.1; Win64; x64) AppleWebKit/537.36 (KHTML, like Gecko) Chrome/70.0.3538.77 Safari/537.36"
::ffff:192.168.0.102 - - [26/Oct/2018:05:54:35 +0000] "GET /pvt/api/coins/bitcoin HTTP/1.1" 304 - "http://192.168.0.103:3000/coins/bitcoin" "Mozilla/5.0 (Windows NT 6.1; Win64; x64) AppleWebKit/537.36 (KHTML, like Gecko) Chrome/70.0.3538.77 Safari/537.36"
::ffff:192.168.0.102 - - [26/Oct/2018:05:54:37 +0000] "GET /pvt/api/coins/bitcoin HTTP/1.1" 304 - "http://192.168.0.103:3000/coins/bitcoin" "Mozilla/5.0 (Windows NT 6.1; Win64; x64) AppleWebKit/537.36 (KHTML, like Gecko) Chrome/70.0.3538.77 Safari/537.36"
::ffff:192.168.0.102 - - [26/Oct/2018:05:54:45 +0000] "GET /pvt/api/home HTTP/1.1" 304 - "http://192.168.0.103:3000/" "Mozilla/5.0 (Windows NT 6.1; Win64; x64) AppleWebKit/537.36 (KHTML, like Gecko) Chrome/70.0.3538.77 Safari/537.36"
::ffff:192.168.0.102 - - [26/Oct/2018:05:54:47 +0000] "GET /pvt/api/coins/bitcoin HTTP/1.1" 304 - "http://192.168.0.103:3000/coins/bitcoin" "Mozilla/5.0 (Windows NT 6.1; Win64; x64) AppleWebKit/537.36 (KHTML, like Gecko) Chrome/70.0.3538.77 Safari/537.36"
::ffff:192.168.0.102 - - [26/Oct/2018:06:03:00 +0000] "GET /pvt/api/home HTTP/1.1" 304 - "http://192.168.0.103:3000/" "Mozilla/5.0 (Windows NT 6.1; Win64; x64) AppleWebKit/537.36 (KHTML, like Gecko) Chrome/70.0.3538.77 Safari/537.36"
::ffff:192.168.0.102 - - [26/Oct/2018:06:03:10 +0000] "GET /pvt/api/coins/commerce-data-connection HTTP/1.1" 200 642 "http://192.168.0.103:3000/coins/commerce-data-connection" "Mozilla/5.0 (Windows NT 6.1; Win64; x64) AppleWebKit/537.36 (KHTML, like Gecko) Chrome/70.0.3538.77 Safari/537.36"
